param "$mfactor"
units = "", desc = "Multiplier (Verilog-A $mfactor)", flags = ParameterFlags(PARA_KIND_INST)
param "td"
units = "", desc = "", flags = ParameterFlags(0x0)
param "maxd"
units = "", desc = "", flags = ParameterFlags(0x0)

5 terminals
node "dout" units = "V", runits = "A"
node "dfrozen" units = "V", runits = "A"
node "dvar" units = "V", runits = "A"
node "dtwice" units = "V", runits = "A"
node "din" units = "V", runits = "A"
node(flow) "flow(dout)" units = "A", runits = "V"
node(flow) "flow(dfrozen)" units = "A", runits = "V"
node(flow) "flow(dvar)" units = "A", runits = "V"
node(flow) "flow(dtwice)" units = "A", runits = "V"
node "implicit_equation_0" units = "", runits = ""
node "implicit_equation_1" units = "", runits = ""
node "implicit_equation_2" units = "", runits = ""
node "implicit_equation_3" units = "", runits = ""
jacobian (dout, flow(dout)) JacobianFlags(JACOBIAN_ENTRY_RESIST | JACOBIAN_ENTRY_RESIST_CONST | JACOBIAN_ENTRY_REACT_CONST)
jacobian (dfrozen, flow(dfrozen)) JacobianFlags(JACOBIAN_ENTRY_RESIST | JACOBIAN_ENTRY_RESIST_CONST | JACOBIAN_ENTRY_REACT_CONST)
jacobian (dvar, flow(dvar)) JacobianFlags(JACOBIAN_ENTRY_RESIST | JACOBIAN_ENTRY_RESIST_CONST | JACOBIAN_ENTRY_REACT_CONST)
jacobian (dtwice, flow(dtwice)) JacobianFlags(JACOBIAN_ENTRY_RESIST | JACOBIAN_ENTRY_RESIST_CONST | JACOBIAN_ENTRY_REACT_CONST)
jacobian (flow(dout), dout) JacobianFlags(JACOBIAN_ENTRY_RESIST | JACOBIAN_ENTRY_RESIST_CONST | JACOBIAN_ENTRY_REACT_CONST)
jacobian (flow(dout), implicit_equation_0) JacobianFlags(JACOBIAN_ENTRY_RESIST | JACOBIAN_ENTRY_RESIST_CONST | JACOBIAN_ENTRY_REACT_CONST)
jacobian (flow(dfrozen), dfrozen) JacobianFlags(JACOBIAN_ENTRY_RESIST | JACOBIAN_ENTRY_RESIST_CONST | JACOBIAN_ENTRY_REACT_CONST)
jacobian (flow(dfrozen), implicit_equation_1) JacobianFlags(JACOBIAN_ENTRY_RESIST | JACOBIAN_ENTRY_RESIST_CONST | JACOBIAN_ENTRY_REACT_CONST)
jacobian (flow(dvar), dvar) JacobianFlags(JACOBIAN_ENTRY_RESIST | JACOBIAN_ENTRY_RESIST_CONST | JACOBIAN_ENTRY_REACT_CONST)
jacobian (flow(dvar), implicit_equation_2) JacobianFlags(JACOBIAN_ENTRY_RESIST | JACOBIAN_ENTRY_RESIST_CONST | JACOBIAN_ENTRY_REACT_CONST)
jacobian (flow(dtwice), dtwice) JacobianFlags(JACOBIAN_ENTRY_RESIST | JACOBIAN_ENTRY_RESIST_CONST | JACOBIAN_ENTRY_REACT_CONST)
jacobian (flow(dtwice), implicit_equation_3) JacobianFlags(JACOBIAN_ENTRY_RESIST | JACOBIAN_ENTRY_RESIST_CONST | JACOBIAN_ENTRY_REACT_CONST)
0 states
has bound_step false
