param "$mfactor"
units = "", desc = "Multiplier (Verilog-A $mfactor)", flags = ParameterFlags(PARA_KIND_INST)

2 terminals
node "d" units = "V", runits = "A"
node "q" units = "V", runits = "A"
jacobian (q, q) JacobianFlags(JACOBIAN_ENTRY_RESIST | JACOBIAN_ENTRY_RESIST_CONST | JACOBIAN_ENTRY_REACT_CONST)
3 states
has bound_step false
