param "$mfactor"
units = "", desc = "Multiplier (Verilog-A $mfactor)", flags = ParameterFlags(PARA_KIND_INST)
param "freq"
units = "", desc = "", flags = ParameterFlags(0x0)
param "ampl"
units = "", desc = "", flags = ParameterFlags(0x0)
param "thresh"
units = "", desc = "", flags = ParameterFlags(0x0)
param "tdelay"
units = "", desc = "", flags = ParameterFlags(0x0)
param "ttransit"
units = "", desc = "", flags = ParameterFlags(0x0)

5 terminals
node "in[0]" units = "V", runits = ""
node "in[1]" units = "V", runits = ""
node "in[2]" units = "V", runits = ""
node "in[3]" units = "V", runits = ""
node "out" units = "V", runits = ""
node(flow) "flow(out)" units = "", runits = "V"
jacobian (out, flow(out)) JacobianFlags(JACOBIAN_ENTRY_RESIST | JACOBIAN_ENTRY_RESIST_CONST | JACOBIAN_ENTRY_REACT_CONST)
jacobian (flow(out), out) JacobianFlags(JACOBIAN_ENTRY_RESIST | JACOBIAN_ENTRY_RESIST_CONST | JACOBIAN_ENTRY_REACT_CONST)
0 states
has bound_step true
