param "$mfactor"
units = "", desc = "Multiplier (Verilog-A $mfactor)", flags = ParameterFlags(PARA_KIND_INST)

4 terminals
node "smpl" units = "V", runits = "A"
node "count" units = "V", runits = "A"
node "before" units = "V", runits = "A"
node "once" units = "V", runits = "A"
node(flow) "flow(count)" units = "A", runits = "V"
node(flow) "flow(before)" units = "A", runits = "V"
node(flow) "flow(once)" units = "A", runits = "V"
jacobian (count, flow(count)) JacobianFlags(JACOBIAN_ENTRY_RESIST | JACOBIAN_ENTRY_RESIST_CONST | JACOBIAN_ENTRY_REACT_CONST)
jacobian (before, flow(before)) JacobianFlags(JACOBIAN_ENTRY_RESIST | JACOBIAN_ENTRY_RESIST_CONST | JACOBIAN_ENTRY_REACT_CONST)
jacobian (once, flow(once)) JacobianFlags(JACOBIAN_ENTRY_RESIST | JACOBIAN_ENTRY_RESIST_CONST | JACOBIAN_ENTRY_REACT_CONST)
jacobian (flow(count), count) JacobianFlags(JACOBIAN_ENTRY_RESIST | JACOBIAN_ENTRY_RESIST_CONST | JACOBIAN_ENTRY_REACT_CONST)
jacobian (flow(before), before) JacobianFlags(JACOBIAN_ENTRY_RESIST | JACOBIAN_ENTRY_RESIST_CONST | JACOBIAN_ENTRY_REACT_CONST)
jacobian (flow(once), once) JacobianFlags(JACOBIAN_ENTRY_RESIST | JACOBIAN_ENTRY_RESIST_CONST | JACOBIAN_ENTRY_REACT_CONST)
0 states
has bound_step false
